// Jest Snapshot v1, https://goo.gl/fbAQLP

exports[`Modal test Snapshot 1`] = `
<div
  className="modal "
>
  <div
    className="modal-content create-chat d-flex flex-column justify-space-between align-center pa-6 undefined"
  >
    Modal content
  </div>
</div>
`;
