// Jest Snapshot v1, https://goo.gl/fbAQLP

exports[`Preloader test Snapshot 1`] = `
<div
  className="preloader-container"
>
  <img
    alt="Загрузка"
    draggable="false"
    src="../../public/images/sword_preloader.png"
  />
</div>
`;
