// Jest Snapshot v1, https://goo.gl/fbAQLP

exports[`Input test Snapshot 1`] = `
<div
  className="field "
>
  <input
    className="form__field"
    name="password"
    onBlur={[Function]}
    onChange={[Function]}
    onFocus={[Function]}
    placeholder="Пароль"
    type="password"
    value="invalid value"
  />
  <label
    className="form__label"
    htmlFor="password"
  >
    Пароль
  </label>
</div>
`;
